Bach:gender=male
Brahms:gender=male
Carter:gender=male
Clinton:gender=male
Gaugin:gender=male
Gauguin:gender=male
George Bush:gender=male
Hillary Clinton:gender=female
Hillary Rodham Clinton:gender=female
John the Baptist:gender=male
Margaret Thatcher:gender=female
Messiaen:gender=male
Mozart:gender=male
Nixon:gender=male
Pope John Paul II:gender=male
Richard Nixon:gender=male
Ronald Reagan:gender=male
Saddam Hussain:gender=male
Saint-Saens:gender=male
Shostakovich:gender=male
Strauss:gender=male
Thatcher:gender=female
The Clintons
The Queen:gender=female
the Queen:gender=female
Van Gogh:gender=male
Virgin Mary:gender=female
Vivaldi:gender=male
the Clintons
van Gogh:gender=male
Carl Marx:gender=male
Marx:gender=male
Lenin:gender=male
Stalin:gender=male
George W. Bush:gender=male
Mitt Romney:gender=male
Barack Obama:gender=male
Romney:gender=male
Obama:gender=male
Lady Gaga:gender=female
Kanye West:gender=male
Abu Hamza:gender=male
Abu Hamza Al-Masri:gender=male
Bin Laden:gender=male
bin Laden:gender=male
Osama bin Laden:gender=male
Osama Bin Laden:gender=male
Mubarek
